// Vitest Snapshot v1, https://vitest.dev/guide/snapshot.html

exports[`getAccountTransactionHistory > returns transactions formatted 1`] = `
{
  "count": 2,
  "transactions": [
    {
      "accountAddress": "0x3d759121234cd36F8124C21aFe1c6852d2bEd848",
      "amountCents": "2406931.018168454893468167206",
      "amountTokens": "24066181578079398.612862",
      "blockNumber": "41604851",
      "blockTimestamp": 2024-08-23T04:17:09.000Z,
      "chainId": 97,
      "contractAddress": "0xb7526572ffe56ab9d7489838bf2e18e3323b441a",
      "hash": "0xda13a0f45b10dabd21b863b6b602c6d8776edd4c6b10fe65a0881d491f468f35",
      "poolName": "Metaverse",
      "token": {
        "address": "0xA11c8D9DC9b66E209Ef60F0C8D969D3CD988782c",
        "decimals": 6,
        "iconSrc": "fake-usdt-asset",
        "symbol": "USDT",
      },
      "txType": "redeem",
      "vTokenSymbol": "vUSDT",
    },
    {
      "accountAddress": "0x3d759121234cd36F8124C21aFe1c6852d2bEd848",
      "amountCents": "2401121.576132434220587935367386",
      "amountTokens": "24001813290985731.455439",
      "blockNumber": "41114058",
      "blockTimestamp": 2024-08-06T02:18:03.000Z,
      "chainId": 97,
      "contractAddress": "0xb7526572ffe56ab9d7489838bf2e18e3323b441a",
      "hash": "0xb0435b135762a7ca2ad7dccb9aa6c7f50237c6139b16a76348d6c64dfece110e",
      "poolName": "Metaverse",
      "token": {
        "address": "0xA11c8D9DC9b66E209Ef60F0C8D969D3CD988782c",
        "decimals": 6,
        "iconSrc": "fake-usdt-asset",
        "symbol": "USDT",
      },
      "txType": "mint",
      "vTokenSymbol": "vUSDT",
    },
  ],
}
`;
