// Vitest Snapshot v1, https://vitest.dev/guide/snapshot.html

exports[`utilities/getCombinedDistributionApys > calculates combined distribution APYS correctly 1`] = `
{
  "borrowApyPrimePercentage": "0",
  "borrowApyPrimeSimulationPercentage": "0",
  "borrowApyRewardsPercentage": "4.17469243006608279",
  "supplyApyPrimePercentage": "0",
  "supplyApyPrimeSimulationPercentage": "0",
  "supplyApyRewardsPercentage": "0.11720675342484096",
  "totalBorrowApyBoostPercentage": "4.17469243006608279",
  "totalBorrowApyPercentage": "-6.48094121363196039",
  "totalSupplyApyBoostPercentage": "0.11720675342484096",
  "totalSupplyApyPercentage": "0.16946125666889119",
}
`;

exports[`utilities/getCombinedDistributionApys > calculates combined distribution APYS correctly 2`] = `
{
  "borrowApyPrimePercentage": "0.913105649796123742",
  "borrowApyPrimeSimulationPercentage": "1.233105649796123742",
  "borrowApyRewardsPercentage": "1.670327607690572731",
  "supplyApyPrimePercentage": "0.753105649796123742",
  "supplyApyPrimeSimulationPercentage": "0.953105649796123742",
  "supplyApyRewardsPercentage": "1.353105649796123742",
  "totalBorrowApyBoostPercentage": "2.583433257486696473",
  "totalBorrowApyPercentage": "-7.944666286140762473",
  "totalSupplyApyBoostPercentage": "2.106211299592247484",
  "totalSupplyApyPercentage": "5.993453855303626672",
}
`;

exports[`utilities/getCombinedDistributionApys > calculates combined distribution APYS correctly 3`] = `
{
  "borrowApyPrimePercentage": "0",
  "borrowApyPrimeSimulationPercentage": "1.015310564979612374",
  "borrowApyRewardsPercentage": "0.522209972682294832",
  "supplyApyPrimePercentage": "0",
  "supplyApyPrimeSimulationPercentage": "1.753105649796123742",
  "supplyApyRewardsPercentage": "0.421719501189155143",
  "totalBorrowApyBoostPercentage": "0.522209972682294832",
  "totalBorrowApyPercentage": "-5.497076115483409332",
  "totalSupplyApyBoostPercentage": "0.421719501189155143",
  "totalSupplyApyPercentage": "4.015328410521922142",
}
`;

exports[`utilities/getCombinedDistributionApys > calculates combined distribution APYS correctly 4`] = `
{
  "borrowApyPrimePercentage": "0.913105649796123742",
  "borrowApyPrimeSimulationPercentage": "1.753105649796123742",
  "borrowApyRewardsPercentage": "0.852697602175970714",
  "supplyApyPrimePercentage": "0",
  "supplyApyPrimeSimulationPercentage": "1.753105649796123742",
  "supplyApyRewardsPercentage": "0.678420831753642169",
  "totalBorrowApyBoostPercentage": "1.765803251972094456",
  "totalBorrowApyPercentage": "-5.816074529316632456",
  "totalSupplyApyBoostPercentage": "0.678420831753642169",
  "totalSupplyApyPercentage": "3.564817194797818275",
}
`;
