// Jest Snapshot v1, https://goo.gl/fbAQLP

exports[`api/queries/getPancakeSwapPairs/generateTokenCombinationIds generates unique IDs for provided token combinations 1`] = `
Array [
  "0xFa60D973F7642B748046464e165A65B7323b0DEE-0xaB1a4d4f1D656d2450692D237fdD6C7f9146e814",
  "0xFa60D973F7642B748046464e165A65B7323b0DEE-0xae13d989daC2f0dEbFf460aC112a837C89BAa7cd",
  "0xaB1a4d4f1D656d2450692D237fdD6C7f9146e814-0xFa60D973F7642B748046464e165A65B7323b0DEE",
  "0xaB1a4d4f1D656d2450692D237fdD6C7f9146e814-0xae13d989daC2f0dEbFf460aC112a837C89BAa7cd",
  "0xae13d989daC2f0dEbFf460aC112a837C89BAa7cd-0xFa60D973F7642B748046464e165A65B7323b0DEE",
  "0xae13d989daC2f0dEbFf460aC112a837C89BAa7cd-0xaB1a4d4f1D656d2450692D237fdD6C7f9146e814",
]
`;
