// Vitest Snapshot v1, https://vitest.dev/guide/snapshot.html

exports[`Market > displays content correctly 1`] = `"Supplying XVS to the Venus pool will enable you to borrow tokens from this pool exclusively. Show all marketsSupplyWithdrawBorrowRepayCollateralMAXSupply APY0.05%Distribution APY (XVS)0.12%Total APY0.17%Connect walletSupply info0%Total supplied> $100T / > $100T> 100T / > 100T XVSCurrent APY0.17%Borrow info< 0.01%Total borrowed$2.36M / > $100T1.85M / > 100T XVSCurrent APY-6.48%Liquidation Threshold50%Liquidation Penalty10%Interest Rate ModelUtilization rateBorrow APYSupply APYE-mode infoStablecoinsMax LTV60%Liquidation threshold62%Liquidation penalty0%Market infoDaily supplying interests$3.98Daily borrowing interests-$44.81Daily XVS distributed19.99MReserve factor25%Exchange rate1 XVS=49.589181 vXVS"`;
