// Jest Snapshot v1, https://goo.gl/fbAQLP

exports[`pages/Vault/modals/WithdrawFromVestingVaultModal/Withdraw fetches available tokens amount and displays it correctly 1`] = `"Available VAI3 VAI"`;
