// Vitest Snapshot v1, https://vitest.dev/guide/snapshot.html

exports[`pages/Vault/modals/WithdrawFromVestingVaultModal/Withdraw > fetches available tokens amount and displays it correctly 1`] = `"Available VAI3.00 VAI"`;
