// Vitest Snapshot v1, https://vitest.dev/guide/snapshot.html

exports[`getVTokenBalances > returns token balances in the right format on success 1`] = `
{
  "vTokenBalances": [
    {
      "balanceMantissa": "100000000000000000",
      "vToken": {
        "address": "0x2E7222e51c0f6e98610A1543Aa3836E092CDe62c",
        "decimals": 8,
        "symbol": "vBNB",
        "underlyingToken": {
          "address": "0xbBbBBBBbbBBBbbbBbbBbbbbBBbBbbbbBbBbbBBbB",
          "asset": "data:image/svg+xml,%3csvg%20xmlns='http://www.w3.org/2000/svg'%20width='24'%20height='24'%20fill='none'%20xmlns:v='https://vecta.io/nano'%3e%3cg%20clip-path='url(%23A)'%3e%3cg%20clip-path='url(%23B)'%3e%3cpath%20fill-rule='evenodd'%20d='M12%200a12%2012%200%201%201%200%2024%2012%2012%200%201%201%200-24z'%20fill='%23f0b90b'/%3e%3cg%20fill='%23fff'%3e%3cpath%20d='M6.595%2012l.009%203.173L9.3%2016.76v1.858l-4.274-2.507v-5.039L6.595%2012zm0-3.173v1.849l-1.57-.929V7.898l1.57-.929%201.578.929-1.578.929zm3.831-.929l1.57-.929%201.578.929-1.578.929-1.57-.929zM7.73%2014.515v-1.858l1.57.929v1.849l-1.57-.92zm2.696%202.91l1.57.929%201.578-.929v1.849l-1.578.929-1.57-.929v-1.849zm5.4-9.527l1.57-.929%201.578.929v1.849l-1.578.929V8.827l-1.57-.929zm1.57%207.275L17.405%2012l1.57-.929v5.038l-4.274%202.507v-1.858l2.695-1.586zm-1.126-.658l-1.57.92v-1.849l1.57-.929v1.858zm0-5.03l.009%201.858-2.704%201.587v3.181l-1.57.92-1.57-.92V12.93l-2.704-1.587V9.485l1.577-.929%202.687%201.594%202.704-1.594%201.578.929h-.007zM7.73%206.313l4.266-2.515%204.274%202.515-1.57.929-2.704-1.594L9.3%207.241l-1.57-.929z'/%3e%3c/g%3e%3c/g%3e%3c/g%3e%3cdefs%3e%3cclipPath%20id='A'%3e%3cpath%20fill='%23fff'%20d='M0%200h24v24H0z'/%3e%3c/clipPath%3e%3cclipPath%20id='B'%3e%3cpath%20fill='%23fff'%20d='M0%200h24v24H0z'/%3e%3c/clipPath%3e%3c/defs%3e%3c/svg%3e",
          "decimals": 18,
          "isNative": true,
          "symbol": "BNB",
        },
      },
    },
    {
      "balanceMantissa": "100000000000000000",
      "vToken": {
        "address": "0x6d6F697e34145Bb95c54E77482d97cc261Dc237E",
        "decimals": 8,
        "symbol": "vXVS",
        "underlyingToken": {
          "address": "0xB9e0E753630434d7863528cc73CB7AC638a7c8ff",
          "asset": "data:image/svg+xml,%3csvg%20xmlns='http://www.w3.org/2000/svg'%20width='24'%20height='24'%20fill='none'%20xmlns:v='https://vecta.io/nano'%3e%3cg%20clip-path='url(%23B)'%3e%3ccircle%20cx='12'%20cy='12'%20r='12'%20fill='%231f2028'/%3e%3cpath%20d='M18.957%209.442l-5.27%209.128c-.159.275-.388.504-.664.663s-.588.243-.906.243-.631-.084-.906-.243-.505-.387-.664-.663l-.924-1.599c-.003-.019%200-.023.004-.026.019-.003.023%200%20.026.004a1.52%201.52%200%200%200%201.267.425%201.52%201.52%200%200%200%20.642-.241c.193-.128.354-.299.47-.499l4.412-7.649a1.52%201.52%200%200%200%20.086-1.341%201.52%201.52%200%200%200-1.012-.884c-.017-.009-.019-.014-.019-.019.009-.017.014-.019.019-.019h1.87c.318%200%20.631.084.906.244s.504.388.663.664.243.588.242.907-.084.631-.243.907zm-6.239-2.721h-1.827c-.012.01-.013.014-.013.018.006.014.009.017.013.018.123.048.234.121.326.216s.163.208.207.332.061.257.049.388-.051.259-.117.373l-2.663%204.606a.92.92%200%200%201-.648.441.92.92%200%200%201-.752-.22c-.017-.008-.022-.007-.026-.004-.008.017-.007.022-.004.026l.935%201.623c.105.182.256.333.438.439s.389.161.599.161.417-.055.599-.161.333-.257.438-.439l3.484-6.022c.105-.182.16-.389.16-.599s-.055-.417-.161-.599-.257-.333-.439-.438-.389-.16-.599-.16zm-6.342%200c-.312%200-.617.092-.876.266s-.461.419-.581.708-.151.605-.09.911.211.587.431.807.501.371.807.431.623.03.911-.09.534-.321.708-.581.266-.564.266-.876c0-.207-.04-.412-.12-.604s-.195-.365-.342-.512-.32-.263-.512-.342-.396-.12-.604-.12z'%20fill='url(%23A)'/%3e%3c/g%3e%3cdefs%3e%3clinearGradient%20id='A'%20x1='19.016'%20y1='16.814'%20x2='2.55'%20y2='5.633'%20gradientUnits='userSpaceOnUse'%3e%3cstop%20stop-color='%235433ff'/%3e%3cstop%20offset='.5'%20stop-color='%2320bdff'/%3e%3cstop%20offset='1'%20stop-color='%235cffa2'/%3e%3c/linearGradient%3e%3cclipPath%20id='B'%3e%3cpath%20fill='%23fff'%20d='M0%200h24v24H0z'/%3e%3c/clipPath%3e%3c/defs%3e%3c/svg%3e",
          "decimals": 18,
          "symbol": "XVS",
        },
      },
    },
    {
      "balanceMantissa": "100000000000000000",
      "vToken": {
        "address": "0xD5C4C2e2facBEB59D0216D0595d63FcDc6F9A1a7",
        "decimals": 8,
        "symbol": "vUSDC",
        "underlyingToken": {
          "address": "0x16227D60f7a0e586C66B005219dfc887D13C9531",
          "asset": "data:image/svg+xml,%3csvg%20xmlns='http://www.w3.org/2000/svg'%20width='24'%20height='24'%20fill='none'%20xmlns:v='https://vecta.io/nano'%3e%3cg%20clip-path='url(%23A)'%3e%3cpath%20d='M12%2024a11.97%2011.97%200%200%200%2012-12A11.97%2011.97%200%200%200%2012%200%2011.97%2011.97%200%200%200%200%2012a11.97%2011.97%200%200%200%2012%2012z'%20fill='%232775ca'/%3e%3cg%20fill='%23fff'%3e%3cpath%20d='M15.3%2013.9c0-1.75-1.05-2.35-3.15-2.6-1.5-.2-1.8-.6-1.8-1.3s.5-1.15%201.5-1.15c.9%200%201.4.3%201.65%201.05.05.15.2.25.35.25h.8A.34.34%200%200%200%2015%209.8v-.05c-.2-1.1-1.1-1.95-2.25-2.05V6.5c0-.2-.15-.35-.4-.4h-.75c-.2%200-.35.15-.4.4v1.15c-1.5.2-2.45%201.2-2.45%202.45%200%201.65%201%202.3%203.1%202.55%201.4.25%201.85.55%201.85%201.35s-.7%201.35-1.65%201.35c-1.3%200-1.75-.55-1.9-1.3-.05-.2-.2-.3-.35-.3h-.85a.34.34%200%200%200-.35.35v.05c.2%201.25%201%202.15%202.65%202.4v1.2c0%20.2.15.35.4.4h.75c.2%200%20.35-.15.4-.4v-1.2c1.5-.25%202.5-1.3%202.5-2.65zm-5.85%205.25A7.45%207.45%200%200%201%205%209.55c.75-2.1%202.4-3.7%204.45-4.45a.5.5%200%200%200%20.3-.5v-.7c0-.2-.1-.35-.3-.4-.05%200-.15%200-.2.05C4.5%205.05%201.9%2010.1%203.4%2014.85c.9%202.8%203.05%204.95%205.85%205.85.2.1.4%200%20.45-.2.05-.05.05-.1.05-.2v-.7c0-.15-.15-.35-.3-.45zm5.3-15.6c-.2-.1-.4%200-.45.2-.05.05-.05.1-.05.2v.7c0%20.2.15.4.3.5a7.45%207.45%200%200%201%204.45%209.6c-.75%202.1-2.4%203.7-4.45%204.45a.5.5%200%200%200-.3.5v.7c0%20.2.1.35.3.4.05%200%20.15%200%20.2-.05%204.75-1.5%207.35-6.55%205.85-11.3-.9-2.85-3.1-5-5.85-5.9z'/%3e%3c/g%3e%3c/g%3e%3cdefs%3e%3cclipPath%20id='A'%3e%3cpath%20fill='%23fff'%20d='M0%200h24v24H0z'/%3e%3c/clipPath%3e%3c/defs%3e%3c/svg%3e",
          "decimals": 6,
          "symbol": "USDC",
        },
      },
    },
  ],
}
`;
