// Vitest Snapshot v1, https://vitest.dev/guide/snapshot.html

exports[`useSwapTokensAndRepay > calls useSendTransaction with the correct parameters for swapping BNB and repaying tokens 3`] = `
[
  [
    {
      "queryKey": [
        "GET_BALANCE_OF",
        {
          "accountAddress": "0x3d759121234cd36F8124C21aFe1c6852d2bEd848",
          "chainId": 97,
          "tokenAddress": "0xB9e0E753630434d7863528cc73CB7AC638a7c8ff",
        },
      ],
    },
  ],
  [
    {
      "queryKey": [
        "GET_BALANCE_OF",
        {
          "accountAddress": "0x3d759121234cd36F8124C21aFe1c6852d2bEd848",
          "chainId": 97,
          "tokenAddress": "0xEeeeeEeeeEeEeeEeEeEeeEEEeeeeEeeeeeeeEEeE",
        },
      ],
    },
  ],
  [
    {
      "queryKey": [
        "GET_TOKEN_ALLOWANCE",
        {
          "accountAddress": "0x3d759121234cd36F8124C21aFe1c6852d2bEd848",
          "chainId": 97,
          "spenderAddress": "0xfakeSwapRouterContractAddress",
          "tokenAddress": "0xB9e0E753630434d7863528cc73CB7AC638a7c8ff",
        },
      ],
    },
  ],
  [
    {
      "queryKey": [
        "GET_TOKEN_BALANCES",
        {
          "accountAddress": "0x3d759121234cd36F8124C21aFe1c6852d2bEd848",
          "chainId": 97,
        },
      ],
    },
  ],
  [
    {
      "queryKey": [
        "GET_V_TOKEN_BALANCES_ALL",
      ],
    },
  ],
  [
    {
      "queryKey": [
        "GET_POOLS",
      ],
    },
  ],
]
`;

exports[`useSwapTokensAndRepay > calls useSendTransaction with the correct parameters for swapping tokens and repaying 3`] = `
[
  [
    {
      "queryKey": [
        "GET_BALANCE_OF",
        {
          "accountAddress": "0x3d759121234cd36F8124C21aFe1c6852d2bEd848",
          "chainId": 97,
          "tokenAddress": "0xB9e0E753630434d7863528cc73CB7AC638a7c8ff",
        },
      ],
    },
  ],
  [
    {
      "queryKey": [
        "GET_BALANCE_OF",
        {
          "accountAddress": "0x3d759121234cd36F8124C21aFe1c6852d2bEd848",
          "chainId": 97,
          "tokenAddress": "0xEeeeeEeeeEeEeeEeEeEeeEEEeeeeEeeeeeeeEEeE",
        },
      ],
    },
  ],
  [
    {
      "queryKey": [
        "GET_TOKEN_ALLOWANCE",
        {
          "accountAddress": "0x3d759121234cd36F8124C21aFe1c6852d2bEd848",
          "chainId": 97,
          "spenderAddress": "0xfakeSwapRouterContractAddress",
          "tokenAddress": "0xB9e0E753630434d7863528cc73CB7AC638a7c8ff",
        },
      ],
    },
  ],
  [
    {
      "queryKey": [
        "GET_TOKEN_BALANCES",
        {
          "accountAddress": "0x3d759121234cd36F8124C21aFe1c6852d2bEd848",
          "chainId": 97,
        },
      ],
    },
  ],
  [
    {
      "queryKey": [
        "GET_V_TOKEN_BALANCES_ALL",
      ],
    },
  ],
  [
    {
      "queryKey": [
        "GET_POOLS",
      ],
    },
  ],
]
`;

exports[`useSwapTokensAndRepay > calls useSendTransaction with the correct parameters for swapping tokens and repaying full loan 3`] = `
[
  [
    {
      "queryKey": [
        "GET_BALANCE_OF",
        {
          "accountAddress": "0x3d759121234cd36F8124C21aFe1c6852d2bEd848",
          "chainId": 97,
          "tokenAddress": "0xB9e0E753630434d7863528cc73CB7AC638a7c8ff",
        },
      ],
    },
  ],
  [
    {
      "queryKey": [
        "GET_BALANCE_OF",
        {
          "accountAddress": "0x3d759121234cd36F8124C21aFe1c6852d2bEd848",
          "chainId": 97,
          "tokenAddress": "0xEeeeeEeeeEeEeeEeEeEeeEEEeeeeEeeeeeeeEEeE",
        },
      ],
    },
  ],
  [
    {
      "queryKey": [
        "GET_TOKEN_ALLOWANCE",
        {
          "accountAddress": "0x3d759121234cd36F8124C21aFe1c6852d2bEd848",
          "chainId": 97,
          "spenderAddress": "0xfakeSwapRouterContractAddress",
          "tokenAddress": "0xB9e0E753630434d7863528cc73CB7AC638a7c8ff",
        },
      ],
    },
  ],
  [
    {
      "queryKey": [
        "GET_TOKEN_BALANCES",
        {
          "accountAddress": "0x3d759121234cd36F8124C21aFe1c6852d2bEd848",
          "chainId": 97,
        },
      ],
    },
  ],
  [
    {
      "queryKey": [
        "GET_V_TOKEN_BALANCES_ALL",
      ],
    },
  ],
  [
    {
      "queryKey": [
        "GET_POOLS",
      ],
    },
  ],
]
`;
