// Vitest Snapshot v1, https://vitest.dev/guide/snapshot.html

exports[`Pools > displays content correctly 1`] = `"Supplied assetsAssetAPY Balancesorted descendingCollateralXVS0.17%90 XVS$115.08USDC5.99%100 USDC$99.99Sort bySupply balanceXVSAPY 0.17%Balance90 XVS$115.08CollateralUSDCAPY 5.99%Balance100 USDC$99.99CollateralBorrowed assetsAssetAPY Balancesorted descending% of limitBUSD-5.82%50 BUSD$500%USDT-5.50%-6.51%40 USDT$400%Sort byBorrow balanceBUSDAPY -5.82%Balance50 BUSD$50% of limit0%USDTAPY -5.50%-6.51%Balance40 USDT$40% of limit0%AssetsSuppliedBorrowedAssetAPY Balancesorted descendingCollateralXVS0.17%90 XVS$115.08USDC5.99%100 USDC$99.99Sort bySupply balanceXVSAPY 0.17%Balance90 XVS$115.08CollateralUSDCAPY 5.99%Balance100 USDC$99.99Collateral"`;
