// Vitest Snapshot v1, https://vitest.dev/guide/snapshot.html

exports[`getSwapTokens > returns a list of tokens that contains all the tokens listed on Pancake Swap and all the tokens listed on Venus with no duplicates 1`] = `
[
  {
    "address": "0x331F639B4F3CF6E391CD244e0b5027C5968Ec325",
    "asset": "/src/packages/tokens/img/vrt.svg",
    "decimals": 18,
    "symbol": "VRT",
  },
  {
    "address": "0x8301F2213c0eeD49a7E28Ae4c3e91722919B8B47",
    "asset": "/src/packages/tokens/img/busd.svg",
    "decimals": 18,
    "symbol": "BUSD",
  },
  {
    "address": "0xB9e0E753630434d7863528cc73CB7AC638a7c8ff",
    "asset": "/src/packages/tokens/img/xvs.svg",
    "decimals": 18,
    "symbol": "XVS",
  },
  {
    "address": "0x5fFbE5302BadED40941A403228E6AD03f93752d9",
    "asset": "/src/packages/tokens/img/vai.svg",
    "decimals": 18,
    "symbol": "VAI",
  },
]
`;
