// Vitest Snapshot v1, https://vitest.dev/guide/snapshot.html

exports[`hooks/useSupplyWithdrawModal/Supply - Feature flag enabled: integratedSwap > displays correct swap details 1`] = `
<div
  class="css-sdj0qa-SupplyFormUi"
  data-testid="swap-details"
>
  <div
    class="css-u34kla-SwapDetails"
  >
    <div
      class="css-wkfae5-LabeledInlineContent"
    >
      <span
        class="MuiTypography-root MuiTypography-body1 css-1degdl8-MuiTypography-root-LabeledInlineContent"
      >
        Exchange rate
      </span>
    </div>
    <div
      class="MuiTypography-root MuiTypography-body1 css-19c7lst-MuiTypography-root-LabeledInlineContent"
    >
      1 BUSD ≈ 0.029 XVS
    </div>
  </div>
  <div
    class="css-u34kla-SwapDetails"
  >
    <div
      class="css-wkfae5-LabeledInlineContent"
    >
      <span
        class="MuiTypography-root MuiTypography-body1 css-1degdl8-MuiTypography-root-LabeledInlineContent"
      >
        Slippage tolerance
      </span>
    </div>
    <div
      class="MuiTypography-root MuiTypography-body1 css-19c7lst-MuiTypography-root-LabeledInlineContent"
    >
      0.5%
    </div>
  </div>
  <div
    class="css-15iu4si-LabeledInlineContent"
  >
    <div
      class="css-wkfae5-LabeledInlineContent"
    >
      <span
        class="MuiTypography-root MuiTypography-body1 css-1degdl8-MuiTypography-root-LabeledInlineContent"
      >
        You will supply
      </span>
    </div>
    <div
      class="MuiTypography-root MuiTypography-body1 css-19c7lst-MuiTypography-root-LabeledInlineContent"
    >
      ≈ 8.90K XVS
    </div>
  </div>
</div>
`;

exports[`hooks/useSupplyWithdrawModal/Supply - Feature flag enabled: integratedSwap > displays correct swap details 2`] = `
<div
  class="MuiTypography-root MuiTypography-small2 css-leg3sr-MuiTypography-root-SwapSummary"
  data-testid="swap-summary"
>
  You will supply 8.90K XVS using 299.99K BUSD
</div>
`;
