// Vitest Snapshot v1, https://vitest.dev/guide/snapshot.html

exports[`pages/Vault > renders vaults correctly 1`] = `"VAIYou are staking0VAI Stake APR> 10,000%Daily Emission144Total Staked415VAI Stake APR> 10,000%Daily Emission144Total Staked415StakeWithdrawXVSYou are staking233XVS Stake APR12.92%Daily Emission144Total Staked400MXVS Stake APR12.92%Daily Emission144Total Staked400MStakeWithdraw"`;
