// Jest Snapshot v1, https://goo.gl/fbAQLP

exports[`pages/Account/VaultsBreakdown displays content correctly 1`] = `"VaultsStakedAssetAPRStakesorted descendingVAI12665.06%0 VAIXVS12.92%233.00 XVSSort byStakeâ€‹VAIAPR12665.06%Stake0 VAIXVSAPR12.92%Stake233.00 XVS"`;
