// Jest Snapshot v1, https://goo.gl/fbAQLP

exports[`pages/Vault/modals/WithdrawFromVestingVaultModal/RequestWithdrawal fetches staked tokens and locking period and displays them correctly 1`] = `"Requestable VAI24 VAI"`;

exports[`pages/Vault/modals/WithdrawFromVestingVaultModal/RequestWithdrawal fetches staked tokens and locking period and displays them correctly 2`] = `"Locking period3 minutes"`;
