// Vitest Snapshot v1, https://vitest.dev/guide/snapshot.html

exports[`api/queries/useGetPools > returns data in the correct format 1`] = `
{
  "pools": [
    {
      "assets": [
        {
          "borrowApyPercentage": "-2.3062487835658776",
          "borrowBalanceCents": "70925716",
          "borrowBalanceTokens": "1852935.597521220541385584",
          "borrowCapTokens": "1.15792089237316195423570985008687907853269984665640564039457584007913129639935e+77",
          "borrowDistributions": [
            {
              "apyPercentage": "4.17469243006608279",
              "dailyDistributedTokens": "9999999.5",
              "token": {
                "address": "0xB9e0E753630434d7863528cc73CB7AC638a7c8ff",
                "asset": "/src/libs/tokens/img/xvs.svg",
                "decimals": 18,
                "symbol": "XVS",
              },
              "type": "rewardDistributor",
            },
          ],
          "borrowerCount": 10,
          "cashTokens": "10",
          "collateralFactor": 0.5,
          "disabledTokenActions": [],
          "exchangeRateVTokens": "49.589181233",
          "isCollateralOfUser": true,
          "liquidityCents": "8036465875",
          "reserveFactor": 0.25,
          "reserveTokens": "1000",
          "supplierCount": 100,
          "supplyApyPercentage": "0.05225450324405023",
          "supplyBalanceCents": "278311516",
          "supplyBalanceTokens": "19339683254955736",
          "supplyCapTokens": "1.15792089237316195423570985008687907853269984665640564039457584007913129639935e+77",
          "supplyDistributions": [
            {
              "apyPercentage": "0.11720675342484096",
              "dailyDistributedTokens": "9999999.5",
              "token": {
                "address": "0xB9e0E753630434d7863528cc73CB7AC638a7c8ff",
                "asset": "/src/libs/tokens/img/xvs.svg",
                "decimals": 18,
                "symbol": "XVS",
              },
              "type": "rewardDistributor",
            },
          ],
          "tokenPriceCents": "127.86734",
          "userBorrowBalanceCents": "0",
          "userBorrowBalanceTokens": "0",
          "userPercentOfLimit": 0,
          "userSupplyBalanceCents": "11508",
          "userSupplyBalanceTokens": "90",
          "userWalletBalanceCents": "12786",
          "userWalletBalanceTokens": "100",
          "vToken": {
            "address": "0x6d6F697e34145Bb95c54E77482d97cc261Dc237E",
            "decimals": 8,
            "symbol": "vXVS",
            "underlyingToken": {
              "address": "0xB9e0E753630434d7863528cc73CB7AC638a7c8ff",
              "asset": "/src/libs/tokens/img/xvs.svg",
              "decimals": 18,
              "symbol": "XVS",
            },
          },
        },
        {
          "borrowApyPercentage": "-5.361233028654066",
          "borrowBalanceCents": "858721657509436",
          "borrowBalanceTokens": "73128318.509651061457900627",
          "borrowCapTokens": "1.15792089237316195423570985008687907853269984665640564039457584007913129639935e+77",
          "borrowDistributions": [
            {
              "apyPercentage": "1.670327607690572731",
              "dailyDistributedTokens": "9999999.5",
              "token": {
                "address": "0xB9e0E753630434d7863528cc73CB7AC638a7c8ff",
                "asset": "/src/libs/tokens/img/xvs.svg",
                "decimals": 18,
                "symbol": "XVS",
              },
              "type": "rewardDistributor",
            },
            {
              "apyPercentage": "1.233105649796123742",
              "referenceValues": {
                "userBorrowBalanceTokens": "1000",
                "userSupplyBalanceTokens": "1000",
                "userXvsStakedTokens": "1000",
              },
              "token": {
                "address": "0x16227D60f7a0e586C66B005219dfc887D13C9531",
                "asset": "/src/libs/tokens/img/usdc.svg",
                "decimals": 6,
                "symbol": "USDC",
              },
              "type": "primeSimulation",
            },
            {
              "apyPercentage": "0.913105649796123742",
              "token": {
                "address": "0x16227D60f7a0e586C66B005219dfc887D13C9531",
                "asset": "/src/libs/tokens/img/usdc.svg",
                "decimals": 6,
                "symbol": "USDC",
              },
              "type": "prime",
            },
          ],
          "borrowerCount": 10,
          "cashTokens": "10",
          "collateralFactor": 0.8,
          "disabledTokenActions": [
            "borrow",
            "supply",
          ],
          "exchangeRateVTokens": "1",
          "isCollateralOfUser": false,
          "liquidityCents": "1702951959",
          "reserveFactor": 0.2,
          "reserveTokens": "1000",
          "supplierCount": 100,
          "supplyApyPercentage": "3.887242555711379188",
          "supplyBalanceCents": "1000183891879506",
          "supplyBalanceTokens": "4.717199913187927152720001083e+28",
          "supplyCapTokens": "1.15792089237316195423570985008687907853269984665640564039457584007913129639935e+77",
          "supplyDistributions": [
            {
              "apyPercentage": "1.353105649796123742",
              "dailyDistributedTokens": "9999999.5",
              "token": {
                "address": "0xB9e0E753630434d7863528cc73CB7AC638a7c8ff",
                "asset": "/src/libs/tokens/img/xvs.svg",
                "decimals": 18,
                "symbol": "XVS",
              },
              "type": "rewardDistributor",
            },
            {
              "apyPercentage": "0.953105649796123742",
              "referenceValues": {
                "userBorrowBalanceTokens": "1000",
                "userSupplyBalanceTokens": "1000",
                "userXvsStakedTokens": "1000",
              },
              "token": {
                "address": "0x16227D60f7a0e586C66B005219dfc887D13C9531",
                "asset": "/src/libs/tokens/img/usdc.svg",
                "decimals": 6,
                "symbol": "USDC",
              },
              "type": "primeSimulation",
            },
            {
              "apyPercentage": "0.753105649796123742",
              "token": {
                "address": "0x16227D60f7a0e586C66B005219dfc887D13C9531",
                "asset": "/src/libs/tokens/img/usdc.svg",
                "decimals": 6,
                "symbol": "USDC",
              },
              "type": "prime",
            },
          ],
          "tokenPriceCents": "99.99364",
          "userBorrowBalanceCents": "0",
          "userBorrowBalanceTokens": "0",
          "userPercentOfLimit": 0,
          "userSupplyBalanceCents": "9999",
          "userSupplyBalanceTokens": "100",
          "userWalletBalanceCents": "0",
          "userWalletBalanceTokens": "0",
          "vToken": {
            "address": "0xD5C4C2e2facBEB59D0216D0595d63FcDc6F9A1a7",
            "decimals": 8,
            "symbol": "vUSDC",
            "underlyingToken": {
              "address": "0x16227D60f7a0e586C66B005219dfc887D13C9531",
              "asset": "/src/libs/tokens/img/usdc.svg",
              "decimals": 6,
              "symbol": "USDC",
            },
          },
        },
        {
          "borrowApyPercentage": "-4.9748661428011145",
          "borrowBalanceCents": "3158444721",
          "borrowBalanceTokens": "232511166.920938849475104194",
          "borrowCapTokens": "1.15792089237316195423570985008687907853269984665640564039457584007913129639935e+77",
          "borrowDistributions": [
            {
              "apyPercentage": "0.522209972682294832",
              "dailyDistributedTokens": "9999999.5",
              "token": {
                "address": "0xB9e0E753630434d7863528cc73CB7AC638a7c8ff",
                "asset": "/src/libs/tokens/img/xvs.svg",
                "decimals": 18,
                "symbol": "XVS",
              },
              "type": "rewardDistributor",
            },
            {
              "apyPercentage": "1.015310564979612374",
              "referenceValues": {
                "userBorrowBalanceTokens": "1000",
                "userSupplyBalanceTokens": "1000",
                "userXvsStakedTokens": "1000",
              },
              "token": {
                "address": "0xA11c8D9DC9b66E209Ef60F0C8D969D3CD988782c",
                "asset": "/src/libs/tokens/img/usdt.svg",
                "decimals": 6,
                "symbol": "USDT",
              },
              "type": "primeSimulation",
            },
          ],
          "borrowerCount": 10,
          "cashTokens": "10",
          "collateralFactor": 0.8,
          "disabledTokenActions": [
            "swapAndSupply",
          ],
          "exchangeRateVTokens": "0.981982",
          "isCollateralOfUser": false,
          "liquidityCents": "5534102886",
          "reserveFactor": 0.2,
          "reserveTokens": "1000",
          "supplierCount": 100,
          "supplyApyPercentage": "3.593608909332766999",
          "supplyBalanceCents": "1098041201011568",
          "supplyBalanceTokens": "5.029972090817266864401527367893625e+33",
          "supplyCapTokens": "1.15792089237316195423570985008687907853269984665640564039457584007913129639935e+77",
          "supplyDistributions": [
            {
              "apyPercentage": "0.421719501189155143",
              "dailyDistributedTokens": "9999999.5",
              "token": {
                "address": "0xB9e0E753630434d7863528cc73CB7AC638a7c8ff",
                "asset": "/src/libs/tokens/img/xvs.svg",
                "decimals": 18,
                "symbol": "XVS",
              },
              "type": "rewardDistributor",
            },
            {
              "apyPercentage": "1.753105649796123742",
              "referenceValues": {
                "userBorrowBalanceTokens": "1000",
                "userSupplyBalanceTokens": "1000",
                "userXvsStakedTokens": "1000",
              },
              "token": {
                "address": "0xA11c8D9DC9b66E209Ef60F0C8D969D3CD988782c",
                "asset": "/src/libs/tokens/img/usdt.svg",
                "decimals": 6,
                "symbol": "USDT",
              },
              "type": "primeSimulation",
            },
          ],
          "tokenPriceCents": "100.024602",
          "userBorrowBalanceCents": "4000",
          "userBorrowBalanceTokens": "40",
          "userPercentOfLimit": 0,
          "userSupplyBalanceCents": "0",
          "userSupplyBalanceTokens": "0",
          "userWalletBalanceCents": "90000",
          "userWalletBalanceTokens": "900",
          "vToken": {
            "address": "0xb7526572FFE56AB9D7489838Bf2E18e3323b441A",
            "decimals": 8,
            "symbol": "vUSDT",
            "underlyingToken": {
              "address": "0xA11c8D9DC9b66E209Ef60F0C8D969D3CD988782c",
              "asset": "/src/libs/tokens/img/usdt.svg",
              "decimals": 6,
              "symbol": "USDT",
            },
          },
        },
        {
          "borrowApyPercentage": "-4.050271277344538",
          "borrowBalanceCents": "83910350502",
          "borrowBalanceTokens": "142662020.229587308931217432",
          "borrowCapTokens": "1.15792089237316195423570985008687907853269984665640564039457584007913129639935e+77",
          "borrowDistributions": [
            {
              "apyPercentage": "0.852697602175970714",
              "dailyDistributedTokens": "9999999.5",
              "token": {
                "address": "0xB9e0E753630434d7863528cc73CB7AC638a7c8ff",
                "asset": "/src/libs/tokens/img/xvs.svg",
                "decimals": 18,
                "symbol": "XVS",
              },
              "type": "rewardDistributor",
            },
            {
              "apyPercentage": "1.753105649796123742",
              "referenceValues": {
                "userBorrowBalanceTokens": "1000",
                "userSupplyBalanceTokens": "1000",
                "userXvsStakedTokens": "1000",
              },
              "token": {
                "address": "0x8301F2213c0eeD49a7E28Ae4c3e91722919B8B47",
                "asset": "/src/libs/tokens/img/busd.svg",
                "decimals": 18,
                "symbol": "BUSD",
              },
              "type": "primeSimulation",
            },
            {
              "apyPercentage": "0.913105649796123742",
              "token": {
                "address": "0x8301F2213c0eeD49a7E28Ae4c3e91722919B8B47",
                "asset": "/src/libs/tokens/img/busd.svg",
                "decimals": 18,
                "symbol": "BUSD",
              },
              "type": "prime",
            },
          ],
          "borrowerCount": 10,
          "cashTokens": "10",
          "collateralFactor": 0.8,
          "disabledTokenActions": [
            "supply",
          ],
          "exchangeRateVTokens": "1.000003",
          "isCollateralOfUser": false,
          "liquidityCents": "3654492935",
          "reserveFactor": 0.2,
          "reserveTokens": "1000",
          "supplierCount": 100,
          "supplyApyPercentage": "2.886396363044176106",
          "supplyBalanceCents": "1054707853878",
          "supplyBalanceTokens": "51881081291203672464",
          "supplyCapTokens": "1.15792089237316195423570985008687907853269984665640564039457584007913129639935e+77",
          "supplyDistributions": [
            {
              "apyPercentage": "0.678420831753642169",
              "dailyDistributedTokens": "9999999.5",
              "token": {
                "address": "0xB9e0E753630434d7863528cc73CB7AC638a7c8ff",
                "asset": "/src/libs/tokens/img/xvs.svg",
                "decimals": 18,
                "symbol": "XVS",
              },
              "type": "rewardDistributor",
            },
            {
              "apyPercentage": "1.753105649796123742",
              "referenceValues": {
                "userBorrowBalanceTokens": "1000",
                "userSupplyBalanceTokens": "1000",
                "userXvsStakedTokens": "1000",
              },
              "token": {
                "address": "0x8301F2213c0eeD49a7E28Ae4c3e91722919B8B47",
                "asset": "/src/libs/tokens/img/busd.svg",
                "decimals": 18,
                "symbol": "BUSD",
              },
              "type": "primeSimulation",
            },
            {
              "apyPercentage": "0",
              "token": {
                "address": "0xB9e0E753630434d7863528cc73CB7AC638a7c8ff",
                "asset": "/src/libs/tokens/img/xvs.svg",
                "decimals": 18,
                "symbol": "XVS",
              },
              "type": "prime",
            },
          ],
          "tokenPriceCents": "100.000922",
          "userBorrowBalanceCents": "5000",
          "userBorrowBalanceTokens": "50",
          "userPercentOfLimit": 0,
          "userSupplyBalanceCents": "0",
          "userSupplyBalanceTokens": "0",
          "userWalletBalanceCents": "11000",
          "userWalletBalanceTokens": "110",
          "vToken": {
            "address": "0x08e0A5575De71037aE36AbfAfb516595fE68e5e4",
            "decimals": 8,
            "symbol": "vBUSD",
            "underlyingToken": {
              "address": "0x8301F2213c0eeD49a7E28Ae4c3e91722919B8B47",
              "asset": "/src/libs/tokens/img/busd.svg",
              "decimals": 18,
              "symbol": "BUSD",
            },
          },
        },
      ],
      "comptrollerAddress": "0x94d1820b2d1c7c7452a163983dc888cec546b77d",
      "description": "Fake description 1",
      "isIsolated": false,
      "name": "Venus",
      "userBorrowBalanceCents": "12333",
      "userBorrowLimitCents": "192673",
      "userSupplyBalanceCents": "123879865",
    },
    {
      "assets": [
        {
          "borrowApyPercentage": "-2.3062487835658776",
          "borrowBalanceCents": "70925716",
          "borrowBalanceTokens": "1852935.597521220541385584",
          "borrowCapTokens": "1.15792089237316195423570985008687907853269984665640564039457584007913129639935e+77",
          "borrowDistributions": [
            {
              "apyPercentage": "4.17469243006608279",
              "dailyDistributedTokens": "9999999.5",
              "token": {
                "address": "0xB9e0E753630434d7863528cc73CB7AC638a7c8ff",
                "asset": "/src/libs/tokens/img/xvs.svg",
                "decimals": 18,
                "symbol": "XVS",
              },
              "type": "rewardDistributor",
            },
          ],
          "borrowerCount": 10,
          "cashTokens": "10",
          "collateralFactor": 0.5,
          "disabledTokenActions": [],
          "exchangeRateVTokens": "49.589181233",
          "isCollateralOfUser": true,
          "liquidityCents": "8036465875",
          "reserveFactor": 0.25,
          "reserveTokens": "1000",
          "supplierCount": 100,
          "supplyApyPercentage": "0.05225450324405023",
          "supplyBalanceCents": "278311516",
          "supplyBalanceTokens": "19339683254955736",
          "supplyCapTokens": "1.15792089237316195423570985008687907853269984665640564039457584007913129639935e+77",
          "supplyDistributions": [
            {
              "apyPercentage": "0.11720675342484096",
              "dailyDistributedTokens": "9999999.5",
              "token": {
                "address": "0xB9e0E753630434d7863528cc73CB7AC638a7c8ff",
                "asset": "/src/libs/tokens/img/xvs.svg",
                "decimals": 18,
                "symbol": "XVS",
              },
              "type": "rewardDistributor",
            },
          ],
          "tokenPriceCents": "127.86734",
          "userBorrowBalanceCents": "0",
          "userBorrowBalanceTokens": "0",
          "userPercentOfLimit": 0,
          "userSupplyBalanceCents": "11508",
          "userSupplyBalanceTokens": "90",
          "userWalletBalanceCents": "12786",
          "userWalletBalanceTokens": "100",
          "vToken": {
            "address": "0x6d6F697e34145Bb95c54E77482d97cc261Dc237E",
            "decimals": 8,
            "symbol": "vXVS",
            "underlyingToken": {
              "address": "0xB9e0E753630434d7863528cc73CB7AC638a7c8ff",
              "asset": "/src/libs/tokens/img/xvs.svg",
              "decimals": 18,
              "symbol": "XVS",
            },
          },
        },
        {
          "borrowApyPercentage": "-5.361233028654066",
          "borrowBalanceCents": "858721657509436",
          "borrowBalanceTokens": "73128318.509651061457900627",
          "borrowCapTokens": "1.15792089237316195423570985008687907853269984665640564039457584007913129639935e+77",
          "borrowDistributions": [
            {
              "apyPercentage": "1.670327607690572731",
              "dailyDistributedTokens": "9999999.5",
              "token": {
                "address": "0xB9e0E753630434d7863528cc73CB7AC638a7c8ff",
                "asset": "/src/libs/tokens/img/xvs.svg",
                "decimals": 18,
                "symbol": "XVS",
              },
              "type": "rewardDistributor",
            },
            {
              "apyPercentage": "1.233105649796123742",
              "referenceValues": {
                "userBorrowBalanceTokens": "1000",
                "userSupplyBalanceTokens": "1000",
                "userXvsStakedTokens": "1000",
              },
              "token": {
                "address": "0x16227D60f7a0e586C66B005219dfc887D13C9531",
                "asset": "/src/libs/tokens/img/usdc.svg",
                "decimals": 6,
                "symbol": "USDC",
              },
              "type": "primeSimulation",
            },
            {
              "apyPercentage": "0.913105649796123742",
              "token": {
                "address": "0x16227D60f7a0e586C66B005219dfc887D13C9531",
                "asset": "/src/libs/tokens/img/usdc.svg",
                "decimals": 6,
                "symbol": "USDC",
              },
              "type": "prime",
            },
          ],
          "borrowerCount": 10,
          "cashTokens": "10",
          "collateralFactor": 0.8,
          "disabledTokenActions": [
            "borrow",
            "supply",
          ],
          "exchangeRateVTokens": "1",
          "isCollateralOfUser": false,
          "liquidityCents": "1702951959",
          "reserveFactor": 0.2,
          "reserveTokens": "1000",
          "supplierCount": 100,
          "supplyApyPercentage": "3.887242555711379188",
          "supplyBalanceCents": "1000183891879506",
          "supplyBalanceTokens": "4.717199913187927152720001083e+28",
          "supplyCapTokens": "1.15792089237316195423570985008687907853269984665640564039457584007913129639935e+77",
          "supplyDistributions": [
            {
              "apyPercentage": "1.353105649796123742",
              "dailyDistributedTokens": "9999999.5",
              "token": {
                "address": "0xB9e0E753630434d7863528cc73CB7AC638a7c8ff",
                "asset": "/src/libs/tokens/img/xvs.svg",
                "decimals": 18,
                "symbol": "XVS",
              },
              "type": "rewardDistributor",
            },
            {
              "apyPercentage": "0.953105649796123742",
              "referenceValues": {
                "userBorrowBalanceTokens": "1000",
                "userSupplyBalanceTokens": "1000",
                "userXvsStakedTokens": "1000",
              },
              "token": {
                "address": "0x16227D60f7a0e586C66B005219dfc887D13C9531",
                "asset": "/src/libs/tokens/img/usdc.svg",
                "decimals": 6,
                "symbol": "USDC",
              },
              "type": "primeSimulation",
            },
            {
              "apyPercentage": "0.753105649796123742",
              "token": {
                "address": "0x16227D60f7a0e586C66B005219dfc887D13C9531",
                "asset": "/src/libs/tokens/img/usdc.svg",
                "decimals": 6,
                "symbol": "USDC",
              },
              "type": "prime",
            },
          ],
          "tokenPriceCents": "99.99364",
          "userBorrowBalanceCents": "0",
          "userBorrowBalanceTokens": "0",
          "userPercentOfLimit": 0,
          "userSupplyBalanceCents": "9999",
          "userSupplyBalanceTokens": "100",
          "userWalletBalanceCents": "0",
          "userWalletBalanceTokens": "0",
          "vToken": {
            "address": "0xD5C4C2e2facBEB59D0216D0595d63FcDc6F9A1a7",
            "decimals": 8,
            "symbol": "vUSDC",
            "underlyingToken": {
              "address": "0x16227D60f7a0e586C66B005219dfc887D13C9531",
              "asset": "/src/libs/tokens/img/usdc.svg",
              "decimals": 6,
              "symbol": "USDC",
            },
          },
        },
        {
          "borrowApyPercentage": "-4.9748661428011145",
          "borrowBalanceCents": "3158444721",
          "borrowBalanceTokens": "232511166.920938849475104194",
          "borrowCapTokens": "1.15792089237316195423570985008687907853269984665640564039457584007913129639935e+77",
          "borrowDistributions": [
            {
              "apyPercentage": "0.522209972682294832",
              "dailyDistributedTokens": "9999999.5",
              "token": {
                "address": "0xB9e0E753630434d7863528cc73CB7AC638a7c8ff",
                "asset": "/src/libs/tokens/img/xvs.svg",
                "decimals": 18,
                "symbol": "XVS",
              },
              "type": "rewardDistributor",
            },
            {
              "apyPercentage": "1.015310564979612374",
              "referenceValues": {
                "userBorrowBalanceTokens": "1000",
                "userSupplyBalanceTokens": "1000",
                "userXvsStakedTokens": "1000",
              },
              "token": {
                "address": "0xA11c8D9DC9b66E209Ef60F0C8D969D3CD988782c",
                "asset": "/src/libs/tokens/img/usdt.svg",
                "decimals": 6,
                "symbol": "USDT",
              },
              "type": "primeSimulation",
            },
          ],
          "borrowerCount": 10,
          "cashTokens": "10",
          "collateralFactor": 0.8,
          "disabledTokenActions": [
            "swapAndSupply",
          ],
          "exchangeRateVTokens": "0.981982",
          "isCollateralOfUser": false,
          "liquidityCents": "5534102886",
          "reserveFactor": 0.2,
          "reserveTokens": "1000",
          "supplierCount": 100,
          "supplyApyPercentage": "3.593608909332766999",
          "supplyBalanceCents": "1098041201011568",
          "supplyBalanceTokens": "5.029972090817266864401527367893625e+33",
          "supplyCapTokens": "1.15792089237316195423570985008687907853269984665640564039457584007913129639935e+77",
          "supplyDistributions": [
            {
              "apyPercentage": "0.421719501189155143",
              "dailyDistributedTokens": "9999999.5",
              "token": {
                "address": "0xB9e0E753630434d7863528cc73CB7AC638a7c8ff",
                "asset": "/src/libs/tokens/img/xvs.svg",
                "decimals": 18,
                "symbol": "XVS",
              },
              "type": "rewardDistributor",
            },
            {
              "apyPercentage": "1.753105649796123742",
              "referenceValues": {
                "userBorrowBalanceTokens": "1000",
                "userSupplyBalanceTokens": "1000",
                "userXvsStakedTokens": "1000",
              },
              "token": {
                "address": "0xA11c8D9DC9b66E209Ef60F0C8D969D3CD988782c",
                "asset": "/src/libs/tokens/img/usdt.svg",
                "decimals": 6,
                "symbol": "USDT",
              },
              "type": "primeSimulation",
            },
          ],
          "tokenPriceCents": "100.024602",
          "userBorrowBalanceCents": "4000",
          "userBorrowBalanceTokens": "40",
          "userPercentOfLimit": 0,
          "userSupplyBalanceCents": "0",
          "userSupplyBalanceTokens": "0",
          "userWalletBalanceCents": "90000",
          "userWalletBalanceTokens": "900",
          "vToken": {
            "address": "0xb7526572FFE56AB9D7489838Bf2E18e3323b441A",
            "decimals": 8,
            "symbol": "vUSDT",
            "underlyingToken": {
              "address": "0xA11c8D9DC9b66E209Ef60F0C8D969D3CD988782c",
              "asset": "/src/libs/tokens/img/usdt.svg",
              "decimals": 6,
              "symbol": "USDT",
            },
          },
        },
        {
          "borrowApyPercentage": "-4.050271277344538",
          "borrowBalanceCents": "83910350502",
          "borrowBalanceTokens": "142662020.229587308931217432",
          "borrowCapTokens": "1.15792089237316195423570985008687907853269984665640564039457584007913129639935e+77",
          "borrowDistributions": [
            {
              "apyPercentage": "0.852697602175970714",
              "dailyDistributedTokens": "9999999.5",
              "token": {
                "address": "0xB9e0E753630434d7863528cc73CB7AC638a7c8ff",
                "asset": "/src/libs/tokens/img/xvs.svg",
                "decimals": 18,
                "symbol": "XVS",
              },
              "type": "rewardDistributor",
            },
            {
              "apyPercentage": "1.753105649796123742",
              "referenceValues": {
                "userBorrowBalanceTokens": "1000",
                "userSupplyBalanceTokens": "1000",
                "userXvsStakedTokens": "1000",
              },
              "token": {
                "address": "0x8301F2213c0eeD49a7E28Ae4c3e91722919B8B47",
                "asset": "/src/libs/tokens/img/busd.svg",
                "decimals": 18,
                "symbol": "BUSD",
              },
              "type": "primeSimulation",
            },
            {
              "apyPercentage": "0.913105649796123742",
              "token": {
                "address": "0x8301F2213c0eeD49a7E28Ae4c3e91722919B8B47",
                "asset": "/src/libs/tokens/img/busd.svg",
                "decimals": 18,
                "symbol": "BUSD",
              },
              "type": "prime",
            },
          ],
          "borrowerCount": 10,
          "cashTokens": "10",
          "collateralFactor": 0.8,
          "disabledTokenActions": [
            "supply",
          ],
          "exchangeRateVTokens": "1.000003",
          "isCollateralOfUser": false,
          "liquidityCents": "3654492935",
          "reserveFactor": 0.2,
          "reserveTokens": "1000",
          "supplierCount": 100,
          "supplyApyPercentage": "2.886396363044176106",
          "supplyBalanceCents": "1054707853878",
          "supplyBalanceTokens": "51881081291203672464",
          "supplyCapTokens": "1.15792089237316195423570985008687907853269984665640564039457584007913129639935e+77",
          "supplyDistributions": [
            {
              "apyPercentage": "0.678420831753642169",
              "dailyDistributedTokens": "9999999.5",
              "token": {
                "address": "0xB9e0E753630434d7863528cc73CB7AC638a7c8ff",
                "asset": "/src/libs/tokens/img/xvs.svg",
                "decimals": 18,
                "symbol": "XVS",
              },
              "type": "rewardDistributor",
            },
            {
              "apyPercentage": "1.753105649796123742",
              "referenceValues": {
                "userBorrowBalanceTokens": "1000",
                "userSupplyBalanceTokens": "1000",
                "userXvsStakedTokens": "1000",
              },
              "token": {
                "address": "0x8301F2213c0eeD49a7E28Ae4c3e91722919B8B47",
                "asset": "/src/libs/tokens/img/busd.svg",
                "decimals": 18,
                "symbol": "BUSD",
              },
              "type": "primeSimulation",
            },
            {
              "apyPercentage": "0",
              "token": {
                "address": "0xB9e0E753630434d7863528cc73CB7AC638a7c8ff",
                "asset": "/src/libs/tokens/img/xvs.svg",
                "decimals": 18,
                "symbol": "XVS",
              },
              "type": "prime",
            },
          ],
          "tokenPriceCents": "100.000922",
          "userBorrowBalanceCents": "5000",
          "userBorrowBalanceTokens": "50",
          "userPercentOfLimit": 0,
          "userSupplyBalanceCents": "0",
          "userSupplyBalanceTokens": "0",
          "userWalletBalanceCents": "11000",
          "userWalletBalanceTokens": "110",
          "vToken": {
            "address": "0x08e0A5575De71037aE36AbfAfb516595fE68e5e4",
            "decimals": 8,
            "symbol": "vBUSD",
            "underlyingToken": {
              "address": "0x8301F2213c0eeD49a7E28Ae4c3e91722919B8B47",
              "asset": "/src/libs/tokens/img/busd.svg",
              "decimals": 18,
              "symbol": "BUSD",
            },
          },
        },
      ],
      "comptrollerAddress": "0x10b57706ad2345e590c2ea4dc02faef0d9f5b08b",
      "description": "Fake description 2",
      "isIsolated": true,
      "name": "Metaverse",
      "userBorrowBalanceCents": "0",
      "userBorrowLimitCents": "0",
      "userSupplyBalanceCents": "0",
    },
  ],
}
`;
