// Vitest Snapshot v1, https://vitest.dev/guide/snapshot.html

exports[`RepayForm > displays the wallet spending limit correctly and lets user revoke it 1`] = `"Spending limit10.00 XVS"`;
