// Jest Snapshot v1, https://goo.gl/fbAQLP

exports[`pages/Dashboard/MintRepayVai/RepayVai displays the correct repay VAI balance and APY 1`] = `"MAXWallet balance: 0 VAIRepay VAI balance5.67M VAIRepay fee0.00032 VAI (0.000317%)Enter a valid amount to repay"`;
